// Jest Snapshot v1, https://goo.gl/fbAQLP

exports[`the button component should render the button corretly 1`] = `
<DocumentFragment>
  <button
    data-testid="test-btn"
    type="submit"
  >
    Test text
  </button>
</DocumentFragment>
`;
