// Jest Snapshot v1, https://goo.gl/fbAQLP

exports[`the genres should render correctly 1`] = `[Function]`;
