// Jest Snapshot v1, https://goo.gl/fbAQLP

exports[`the song list function should render card correctly 1`] = `[Function]`;
