// Jest Snapshot v1, https://goo.gl/fbAQLP

exports[`the genre card should render correctly 1`] = `[Function]`;
